// Jest Snapshot v1, https://goo.gl/fbAQLP

exports[`Home renders correctly snapshot renders 1`] = `
Array [
  <div
    className="searchbar"
  >
    <div
      className="container"
    >
      <form
        onSubmit={[Function]}
      >
        <input
          name="search"
          onChange={[Function]}
          placeholder="search for..."
          type="text"
          value=""
        />
        <button
          type="submit"
        >
          Search!
        </button>
      </form>
    </div>
  </div>,
  <div
    className="container"
  >
    <button
      className="activeFilter"
      onClick={[Function]}
      value="popular"
    >
      Popular
    </button>
    <button
      className={null}
      onClick={[Function]}
      value="now_playing"
    >
      Now Playing
    </button>
    <button
      className={null}
      onClick={[Function]}
      value="top_rated"
    >
      Top Rated
    </button>
    <button
      className={null}
      onClick={[Function]}
      value="upcoming"
    >
      Upcoming
    </button>
  </div>,
  <div
    className="list"
  />,
  <div
    className="loadMore"
  >
    <button
      onClick={[Function]}
    >
      load
    </button>
  </div>,
  <div>
    <img
      className="rouletteBtn"
      onClick={[Function]}
      src="data:image/png;base64,iVBORw0KGgoAAAANSUhEUgAAAAEAAAABCAYAAAAfFcSJAAAADUlEQVR42mNk+P+/HgAFhAJ/wlseKgAAAABJRU5ErkJggg=="
    />
  </div>,
]
`;
