// Jest Snapshot v1, https://goo.gl/fbAQLP

exports[`RouletteButton renders correctly snapshot renders 1`] = `
<div>
  <img
    className="rouletteBtn"
    onClick={[Function]}
    src="data:image/png;base64,iVBORw0KGgoAAAANSUhEUgAAAAEAAAABCAYAAAAfFcSJAAAADUlEQVR42mNk+P+/HgAFhAJ/wlseKgAAAABJRU5ErkJggg=="
  />
</div>
`;
